// Jest Snapshot v1, https://goo.gl/fbAQLP

exports[` 1`] = `"Could not find resource \\"Tag\\" with ID \\"666\\""`;

exports[`Error Utilities createResourceNotfoundMessage should return the error message 1`] = `"Could not find resource \\"Tag\\" with ID \\"666\\""`;
