// Jest Snapshot v1, https://goo.gl/fbAQLP

exports[`Array Validators validateAtLeastOneItem should throw on an empty array 1`] = `"Array must contain at least 1 item"`;
